{
  "event_timestamp" : 1689819527411,
  "event_id" : "d612c941112ddb8a0f186bb0725be01a-0-9113946abd821d52-x",
  "event_time_msec" : 1689819527411,
  "event_name" : "$AppViewScreen",
  "event_value" : null,
  "event_value_currency" : null,
  "event_bundle_sequence_id" : null,
  "ingest_time_msec" : 1689819527411,
  "device_mobile_brand_name" : null,
  "device_mobile_model_name" : null,
  "device_manufacturer" : null,
  "device_carrier" : null,
  "device_network_type" : null,
  "device_operating_system" : "Android",
  "device_operating_system_version" : "12",
  "device_vendor_id" : null,
  "device_advertising_id" : null,
  "device_system_language" : null,
  "device_time_zone_offset_seconds" : null,
  "device_ua_browser" : null,
  "device_ua_browser_version" : null,
  "device_ua_os" : null,
  "device_ua_os_version" : null,
  "device_ua_device" : null,
  "device_ua_device_category" : null,
  "device_ua" : {
    "string" : "Dalvik/2.1.0 (Linux; U; Android 12; sdk_gphone64_arm64 Build/SE1A.220630.001)"
  },
  "device_screen_width" : 1080,
  "device_screen_height" : 2400,
  "device_viewport_width" : null,
  "device_viewport_height" : null,
  "geo_continent" : null,
  "geo_sub_continent" : null,
  "geo_country" : null,
  "geo_region" : null,
  "geo_metro" : null,
  "geo_city" : null,
  "geo_locale" : null,
  "traffic_source_source" : "Direct",
  "traffic_source_medium" : "None",
  "traffic_source_campaign" : "Direct",
  "traffic_source_content" : null,
  "traffic_source_term" : null,
  "traffic_source_campaign_id" : null,
  "traffic_source_clid_platform" : null,
  "traffic_source_clid" : null,
  "traffic_source_channel_group" : "Direct",
  "traffic_source_category" : "Direct",
  "user_first_touch_time_msec" : null,
  "app_package_id" : null,
  "app_version" : null,
  "app_title" : null,
  "app_install_source" : null,
  "platform" : "Mobile",
  "project_id" : "test_project_id",
  "app_id" : "sensorTest",
  "screen_view_screen_name" : null,
  "screen_view_screen_id" : null,
  "screen_view_screen_unique_id" : null,
  "screen_view_previous_screen_name" : null,
  "screen_view_previous_screen_id" : null,
  "screen_view_previous_screen_unique_id" : null,
  "screen_view_previous_time_msec" : null,
  "screen_view_engagement_time_msec" : null,
  "screen_view_entrances" : null,
  "page_view_page_referrer" : null,
  "page_view_page_referrer_title" : null,
  "page_view_previous_time_msec" : null,
  "page_view_engagement_time_msec" : null,
  "page_view_page_title" : null,
  "page_view_page_url" : "com.farmerbb.notepad.android.NotepadActivity",
  "page_view_page_url_path" : null,
  "page_view_page_url_query_parameters" : null,
  "page_view_hostname" : null,
  "page_view_latest_referrer" : null,
  "page_view_latest_referrer_host" : null,
  "page_view_entrances" : null,
  "app_start_is_first_time" : null,
  "upgrade_previous_app_version" : null,
  "upgrade_previous_os_version" : null,
  "search_key" : null,
  "search_term" : null,
  "outbound_link_classes" : null,
  "outbound_link_domain" : null,
  "outbound_link_id" : null,
  "outbound_link_url" : null,
  "outbound_link" : null,
  "user_engagement_time_msec" : 0,
  "user_id" : "9113946abd821d52",
  "user_pseudo_id" : "9113946abd821d52",
  "session_id" : null,
  "session_start_time_msec" : 1689819428756,
  "session_duration" : null,
  "session_number" : null,
  "scroll_engagement_time_msec" : null,
  "sdk_error_code" : null,
  "sdk_error_message" : null,
  "sdk_version" : null,
  "sdk_name" : null,
  "app_exception_message" : null,
  "app_exception_stack" : null,
  "custom_parameters" : {
    "distinct_id" : "9113946abd821d52",
    "screen_resolution" : "1080x2400",
    "properties" : {
      "$is_login_id" : false,
      "$province" : null,
      "$city" : null,
      "$url" : "com.farmerbb.notepad.android.NotepadActivity",
      "$screen_name" : "com.farmerbb.notepad.android.NotepadActivity",
      "$title" : "Notepad",
      "$lib_method" : "autoTrack",
      "$is_first_day" : true,
      "$os" : "Android",
      "$os_version" : "12",
      "$lib" : "Android",
      "$manufacturer" : "GOOGLE",
      "$model" : "sdk_gphone64_arm64",
      "$brand" : "GOOGLE",
      "$app_version" : "3.0.3",
      "$screen_width" : 1080,
      "$screen_height" : 2400,
      "$carrier" : "T-Mobile",
      "$timezone_offset" : -480,
      "$app_id" : "com.farmerbb.notepad",
      "$app_name" : "Notepad",
      "$wifi" : true,
      "$network_type" : "WIFI",
      "$lib_plugin_version" : [ "android:3.5.3" ],
      "$device_id" : "9113946abd821d52",
      "$x_test_user" : null,
      "$product_id" : 0,
      "$product_name" : null,
      "$product_classify" : null,
      "$product_price" : 0.0,
      "$item_price" : 0.0,
      "$event_duration" : 0,
      "$referrer" : null,
      "$referrer_title" : null,
      "$resume_from_background" : false,
      "$is_first_time" : false,
      "$age" : 0,
      "$name" : null,
      "$user_id" : null,
      "$user_name" : null,
      "$browser" : null,
      "$browser_language" : null,
      "$browser_version" : null,
      "$lib_version" : "6.7.2"
    }
  },
  "process_info" : {
    "input_file_name" : "server-session-start.json",
    "ingest_time" : "2023-07-20T02:18:47.411Z",
    "rid" : "d612c941112ddb8a0f186bb0725be01a"
  }
}